Archive member included to satisfy reference by file (symbol)

D:/files/Informatyka/STUDIA/Semestr IV/Systemy wbudowane i mikroprocesory/IDE/STM32CubeIDE_1.18.1/STM32CubeIDE/plugins/com.st.stm32cube.ide.mcu.externaltools.gnu-tools-for-stm32.13.3.rel1.win32_1.0.0.202411081344/tools/bin/../lib/gcc/arm-none-eabi/13.3.1/../../../../arm-none-eabi/lib/thumb/v7e-m+fp/hard\libc_nano.a(libc_a-exit.o)
                              D:/files/Informatyka/STUDIA/Semestr IV/Systemy wbudowane i mikroprocesory/IDE/STM32CubeIDE_1.18.1/STM32CubeIDE/plugins/com.st.stm32cube.ide.mcu.externaltools.gnu-tools-for-stm32.13.3.rel1.win32_1.0.0.202411081344/tools/bin/../lib/gcc/arm-none-eabi/13.3.1/../../../../arm-none-eabi/lib/thumb/v7e-m+fp/hard/crt0.o (exit)
D:/files/Informatyka/STUDIA/Semestr IV/Systemy wbudowane i mikroprocesory/IDE/STM32CubeIDE_1.18.1/STM32CubeIDE/plugins/com.st.stm32cube.ide.mcu.externaltools.gnu-tools-for-stm32.13.3.rel1.win32_1.0.0.202411081344/tools/bin/../lib/gcc/arm-none-eabi/13.3.1/../../../../arm-none-eabi/lib/thumb/v7e-m+fp/hard\libc_nano.a(libc_a-findfp.o)
                              D:/files/Informatyka/STUDIA/Semestr IV/Systemy wbudowane i mikroprocesory/IDE/STM32CubeIDE_1.18.1/STM32CubeIDE/plugins/com.st.stm32cube.ide.mcu.externaltools.gnu-tools-for-stm32.13.3.rel1.win32_1.0.0.202411081344/tools/bin/../lib/gcc/arm-none-eabi/13.3.1/../../../../arm-none-eabi/lib/thumb/v7e-m+fp/hard\libc_nano.a(libc_a-exit.o) (__stdio_exit_handler)
D:/files/Informatyka/STUDIA/Semestr IV/Systemy wbudowane i mikroprocesory/IDE/STM32CubeIDE_1.18.1/STM32CubeIDE/plugins/com.st.stm32cube.ide.mcu.externaltools.gnu-tools-for-stm32.13.3.rel1.win32_1.0.0.202411081344/tools/bin/../lib/gcc/arm-none-eabi/13.3.1/../../../../arm-none-eabi/lib/thumb/v7e-m+fp/hard\libc_nano.a(libc_a-fwalk.o)
                              D:/files/Informatyka/STUDIA/Semestr IV/Systemy wbudowane i mikroprocesory/IDE/STM32CubeIDE_1.18.1/STM32CubeIDE/plugins/com.st.stm32cube.ide.mcu.externaltools.gnu-tools-for-stm32.13.3.rel1.win32_1.0.0.202411081344/tools/bin/../lib/gcc/arm-none-eabi/13.3.1/../../../../arm-none-eabi/lib/thumb/v7e-m+fp/hard\libc_nano.a(libc_a-findfp.o) (_fwalk_sglue)
D:/files/Informatyka/STUDIA/Semestr IV/Systemy wbudowane i mikroprocesory/IDE/STM32CubeIDE_1.18.1/STM32CubeIDE/plugins/com.st.stm32cube.ide.mcu.externaltools.gnu-tools-for-stm32.13.3.rel1.win32_1.0.0.202411081344/tools/bin/../lib/gcc/arm-none-eabi/13.3.1/../../../../arm-none-eabi/lib/thumb/v7e-m+fp/hard\libc_nano.a(libc_a-stdio.o)
                              D:/files/Informatyka/STUDIA/Semestr IV/Systemy wbudowane i mikroprocesory/IDE/STM32CubeIDE_1.18.1/STM32CubeIDE/plugins/com.st.stm32cube.ide.mcu.externaltools.gnu-tools-for-stm32.13.3.rel1.win32_1.0.0.202411081344/tools/bin/../lib/gcc/arm-none-eabi/13.3.1/../../../../arm-none-eabi/lib/thumb/v7e-m+fp/hard\libc_nano.a(libc_a-findfp.o) (__sread)
D:/files/Informatyka/STUDIA/Semestr IV/Systemy wbudowane i mikroprocesory/IDE/STM32CubeIDE_1.18.1/STM32CubeIDE/plugins/com.st.stm32cube.ide.mcu.externaltools.gnu-tools-for-stm32.13.3.rel1.win32_1.0.0.202411081344/tools/bin/../lib/gcc/arm-none-eabi/13.3.1/../../../../arm-none-eabi/lib/thumb/v7e-m+fp/hard\libc_nano.a(libc_a-memset.o)
                              D:/files/Informatyka/STUDIA/Semestr IV/Systemy wbudowane i mikroprocesory/IDE/STM32CubeIDE_1.18.1/STM32CubeIDE/plugins/com.st.stm32cube.ide.mcu.externaltools.gnu-tools-for-stm32.13.3.rel1.win32_1.0.0.202411081344/tools/bin/../lib/gcc/arm-none-eabi/13.3.1/../../../../arm-none-eabi/lib/thumb/v7e-m+fp/hard/crt0.o (memset)
D:/files/Informatyka/STUDIA/Semestr IV/Systemy wbudowane i mikroprocesory/IDE/STM32CubeIDE_1.18.1/STM32CubeIDE/plugins/com.st.stm32cube.ide.mcu.externaltools.gnu-tools-for-stm32.13.3.rel1.win32_1.0.0.202411081344/tools/bin/../lib/gcc/arm-none-eabi/13.3.1/../../../../arm-none-eabi/lib/thumb/v7e-m+fp/hard\libc_nano.a(libc_a-closer.o)
                              D:/files/Informatyka/STUDIA/Semestr IV/Systemy wbudowane i mikroprocesory/IDE/STM32CubeIDE_1.18.1/STM32CubeIDE/plugins/com.st.stm32cube.ide.mcu.externaltools.gnu-tools-for-stm32.13.3.rel1.win32_1.0.0.202411081344/tools/bin/../lib/gcc/arm-none-eabi/13.3.1/../../../../arm-none-eabi/lib/thumb/v7e-m+fp/hard\libc_nano.a(libc_a-stdio.o) (_close_r)
D:/files/Informatyka/STUDIA/Semestr IV/Systemy wbudowane i mikroprocesory/IDE/STM32CubeIDE_1.18.1/STM32CubeIDE/plugins/com.st.stm32cube.ide.mcu.externaltools.gnu-tools-for-stm32.13.3.rel1.win32_1.0.0.202411081344/tools/bin/../lib/gcc/arm-none-eabi/13.3.1/../../../../arm-none-eabi/lib/thumb/v7e-m+fp/hard\libc_nano.a(libc_a-reent.o)
                              D:/files/Informatyka/STUDIA/Semestr IV/Systemy wbudowane i mikroprocesory/IDE/STM32CubeIDE_1.18.1/STM32CubeIDE/plugins/com.st.stm32cube.ide.mcu.externaltools.gnu-tools-for-stm32.13.3.rel1.win32_1.0.0.202411081344/tools/bin/../lib/gcc/arm-none-eabi/13.3.1/../../../../arm-none-eabi/lib/thumb/v7e-m+fp/hard\libc_nano.a(libc_a-closer.o) (errno)
[...]
Memory Configuration

Name             Origin             Length             Attributes
CCMRAM           0x10000000         0x00004000         xrw
RAM              0x20000000         0x00010000         xrw
FLASH            0x08000000         0x00080000         xr
*default*        0x00000000         0xffffffff

Linker script and memory map

LOAD D:/files/Informatyka/STUDIA/Semestr IV/Systemy wbudowane i mikroprocesory/IDE/STM32CubeIDE_1.18.1/STM32CubeIDE/plugins/com.st.stm32cube.ide.mcu.externaltools.gnu-tools-for-stm32.13.3.rel1.win32_1.0.0.202411081344/tools/bin/../lib/gcc/arm-none-eabi/13.3.1/thumb/v7e-m+fp/hard/crti.o
LOAD D:/files/Informatyka/STUDIA/Semestr IV/Systemy wbudowane i mikroprocesory/IDE/STM32CubeIDE_1.18.1/STM32CubeIDE/plugins/com.st.stm32cube.ide.mcu.externaltools.gnu-tools-for-stm32.13.3.rel1.win32_1.0.0.202411081344/tools/bin/../lib/gcc/arm-none-eabi/13.3.1/thumb/v7e-m+fp/hard/crtbegin.o
LOAD D:/files/Informatyka/STUDIA/Semestr IV/Systemy wbudowane i mikroprocesory/IDE/STM32CubeIDE_1.18.1/STM32CubeIDE/plugins/com.st.stm32cube.ide.mcu.externaltools.gnu-tools-for-stm32.13.3.rel1.win32_1.0.0.202411081344/tools/bin/../lib/gcc/arm-none-eabi/13.3.1/../../../../arm-none-eabi/lib/thumb/v7e-m+fp/hard/crt0.o
LOAD ./Core/Src/main.o
LOAD ./Core/Src/stm32f3xx_hal_msp.o
LOAD ./Core/Src/stm32f3xx_it.o
LOAD ./Core/Src/syscalls.o
LOAD ./Core/Src/sysmem.o
LOAD ./Core/Src/system_stm32f3xx.o
LOAD ./Core/Startup/startup_stm32f303retx.o
LOAD ./Drivers/STM32F3xx_HAL_Driver/Src/stm32f3xx_hal.o
LOAD ./Drivers/STM32F3xx_HAL_Driver/Src/stm32f3xx_hal_cortex.o
LOAD ./Drivers/STM32F3xx_HAL_Driver/Src/stm32f3xx_hal_dma.o
LOAD ./Drivers/STM32F3xx_HAL_Driver/Src/stm32f3xx_hal_exti.o
LOAD ./Drivers/STM32F3xx_HAL_Driver/Src/stm32f3xx_hal_flash.o
LOAD ./Drivers/STM32F3xx_HAL_Driver/Src/stm32f3xx_hal_flash_ex.o
LOAD ./Drivers/STM32F3xx_HAL_Driver/Src/stm32f3xx_hal_gpio.o
LOAD ./Drivers/STM32F3xx_HAL_Driver/Src/stm32f3xx_hal_i2c.o
LOAD ./Drivers/STM32F3xx_HAL_Driver/Src/stm32f3xx_hal_i2c_ex.o
LOAD ./Drivers/STM32F3xx_HAL_Driver/Src/stm32f3xx_hal_pwr.o
LOAD ./Drivers/STM32F3xx_HAL_Driver/Src/stm32f3xx_hal_pwr_ex.o
LOAD ./Drivers/STM32F3xx_HAL_Driver/Src/stm32f3xx_hal_rcc.o
LOAD ./Drivers/STM32F3xx_HAL_Driver/Src/stm32f3xx_hal_rcc_ex.o
LOAD ./Drivers/STM32F3xx_HAL_Driver/Src/stm32f3xx_hal_tim.o
LOAD ./Drivers/STM32F3xx_HAL_Driver/Src/stm32f3xx_hal_tim_ex.o
LOAD ./Drivers/STM32F3xx_HAL_Driver/Src/stm32f3xx_hal_uart.o
LOAD ./Drivers/STM32F3xx_HAL_Driver/Src/stm32f3xx_hal_uart_ex.o
START GROUP
LOAD D:/files/Informatyka/STUDIA/Semestr IV/Systemy wbudowane i mikroprocesory/IDE/STM32CubeIDE_1.18.1/STM32CubeIDE/plugins/com.st.stm32cube.ide.mcu.externaltools.gnu-tools-for-stm32.13.3.rel1.win32_1.0.0.202411081344/tools/bin/../lib/gcc/arm-none-eabi/13.3.1/../../../../arm-none-eabi/lib/thumb/v7e-m+fp/hard\libc_nano.a
LOAD D:/files/Informatyka/STUDIA/Semestr IV/Systemy wbudowane i mikroprocesory/IDE/STM32CubeIDE_1.18.1/STM32CubeIDE/plugins/com.st.stm32cube.ide.mcu.externaltools.gnu-tools-for-stm32.13.3.rel1.win32_1.0.0.202411081344/tools/bin/../lib/gcc/arm-none-eabi/13.3.1/../../../../arm-none-eabi/lib/thumb/v7e-m+fp/hard\libm.a
END GROUP
START GROUP
LOAD D:/files/Informatyka/STUDIA/Semestr IV/Systemy wbudowane i mikroprocesory/IDE/STM32CubeIDE_1.18.1/STM32CubeIDE/plugins/com.st.stm32cube.ide.mcu.externaltools.gnu-tools-for-stm32.13.3.rel1.win32_1.0.0.202411081344/tools/bin/../lib/gcc/arm-none-eabi/13.3.1/thumb/v7e-m+fp/hard\libgcc.a
LOAD D:/files/Informatyka/STUDIA/Semestr IV/Systemy wbudowane i mikroprocesory/IDE/STM32CubeIDE_1.18.1/STM32CubeIDE/plugins/com.st.stm32cube.ide.mcu.externaltools.gnu-tools-for-stm32.13.3.rel1.win32_1.0.0.202411081344/tools/bin/../lib/gcc/arm-none-eabi/13.3.1/../../../../arm-none-eabi/lib/thumb/v7e-m+fp/hard\libc_nano.a
END GROUP
START GROUP
LOAD D:/files/Informatyka/STUDIA/Semestr IV/Systemy wbudowane i mikroprocesory/IDE/STM32CubeIDE_1.18.1/STM32CubeIDE/plugins/com.st.stm32cube.ide.mcu.externaltools.gnu-tools-for-stm32.13.3.rel1.win32_1.0.0.202411081344/tools/bin/../lib/gcc/arm-none-eabi/13.3.1/thumb/v7e-m+fp/hard\libgcc.a
LOAD D:/files/Informatyka/STUDIA/Semestr IV/Systemy wbudowane i mikroprocesory/IDE/STM32CubeIDE_1.18.1/STM32CubeIDE/plugins/com.st.stm32cube.ide.mcu.externaltools.gnu-tools-for-stm32.13.3.rel1.win32_1.0.0.202411081344/tools/bin/../lib/gcc/arm-none-eabi/13.3.1/../../../../arm-none-eabi/lib/thumb/v7e-m+fp/hard\libc_nano.a
LOAD D:/files/Informatyka/STUDIA/Semestr IV/Systemy wbudowane i mikroprocesory/IDE/STM32CubeIDE_1.18.1/STM32CubeIDE/plugins/com.st.stm32cube.ide.mcu.externaltools.gnu-tools-for-stm32.13.3.rel1.win32_1.0.0.202411081344/tools/bin/../lib/gcc/arm-none-eabi/13.3.1/../../../../arm-none-eabi/lib/thumb/v7e-m+fp/hard\libnosys.a
END GROUP
START GROUP
LOAD D:/files/Informatyka/STUDIA/Semestr IV/Systemy wbudowane i mikroprocesory/IDE/STM32CubeIDE_1.18.1/STM32CubeIDE/plugins/com.st.stm32cube.ide.mcu.externaltools.gnu-tools-for-stm32.13.3.rel1.win32_1.0.0.202411081344/tools/bin/../lib/gcc/arm-none-eabi/13.3.1/thumb/v7e-m+fp/hard\libgcc.a
LOAD D:/files/Informatyka/STUDIA/Semestr IV/Systemy wbudowane i mikroprocesory/IDE/STM32CubeIDE_1.18.1/STM32CubeIDE/plugins/com.st.stm32cube.ide.mcu.externaltools.gnu-tools-for-stm32.13.3.rel1.win32_1.0.0.202411081344/tools/bin/../lib/gcc/arm-none-eabi/13.3.1/../../../../arm-none-eabi/lib/thumb/v7e-m+fp/hard\libc_nano.a
LOAD D:/files/Informatyka/STUDIA/Semestr IV/Systemy wbudowane i mikroprocesory/IDE/STM32CubeIDE_1.18.1/STM32CubeIDE/plugins/com.st.stm32cube.ide.mcu.externaltools.gnu-tools-for-stm32.13.3.rel1.win32_1.0.0.202411081344/tools/bin/../lib/gcc/arm-none-eabi/13.3.1/../../../../arm-none-eabi/lib/thumb/v7e-m+fp/hard\libnosys.a
END GROUP
LOAD D:/files/Informatyka/STUDIA/Semestr IV/Systemy wbudowane i mikroprocesory/IDE/STM32CubeIDE_1.18.1/STM32CubeIDE/plugins/com.st.stm32cube.ide.mcu.externaltools.gnu-tools-for-stm32.13.3.rel1.win32_1.0.0.202411081344/tools/bin/../lib/gcc/arm-none-eabi/13.3.1/thumb/v7e-m+fp/hard/crtend.o
LOAD D:/files/Informatyka/STUDIA/Semestr IV/Systemy wbudowane i mikroprocesory/IDE/STM32CubeIDE_1.18.1/STM32CubeIDE/plugins/com.st.stm32cube.ide.mcu.externaltools.gnu-tools-for-stm32.13.3.rel1.win32_1.0.0.202411081344/tools/bin/../lib/gcc/arm-none-eabi/13.3.1/thumb/v7e-m+fp/hard/crtn.o
                0x20010000                        _estack = (ORIGIN (RAM) + LENGTH (RAM))
                0x00000200                        _Min_Heap_Size = 0x200
                0x00000400                        _Min_Stack_Size = 0x400

.isr_vector     0x08000000      0x194
                0x08000000                        . = ALIGN (0x4)
 *(.isr_vector)
 .isr_vector    0x08000000      0x194 ./Core/Startup/startup_stm32f303retx.o
                0x08000000                g_pfnVectors
                0x08000194                        . = ALIGN (0x4)

.text           0x08000198     0x5270
                0x08000198                        . = ALIGN (0x4)
 *(.text)
 .text          0x08000198       0x40 D:/files/Informatyka/STUDIA/Semestr IV/Systemy wbudowane i mikroprocesory/IDE/STM32CubeIDE_1.18.1/STM32CubeIDE/plugins/com.st.stm32cube.ide.mcu.externaltools.gnu-tools-for-stm32.13.3.rel1.win32_1.0.0.202411081344/tools/bin/../lib/gcc/arm-none-eabi/13.3.1/thumb/v7e-m+fp/hard/crtbegin.o
 .text          0x080001d8      0x378 D:/files/Informatyka/STUDIA/Semestr IV/Systemy wbudowane i mikroprocesory/IDE/STM32CubeIDE_1.18.1/STM32CubeIDE/plugins/com.st.stm32cube.ide.mcu.externaltools.gnu-tools-for-stm32.13.3.rel1.win32_1.0.0.202411081344/tools/bin/../lib/gcc/arm-none-eabi/13.3.1/thumb/v7e-m+fp/hard\libgcc.a(_arm_addsubdf3.o)
                0x080001d8                __aeabi_drsub
                0x080001e0                __aeabi_dsub
                0x080001e0                __subdf3
                0x080001e4                __aeabi_dadd
                0x080001e4                __adddf3
                0x0800045c                __floatunsidf
                0x0800045c                __aeabi_ui2d
                0x0800047c                __floatsidf
                0x0800047c                __aeabi_i2d
                0x080004a0                __aeabi_f2d
                0x080004a0                __extendsfdf2
                0x080004e4                __floatundidf
                0x080004e4                __aeabi_ul2d
                0x080004f4                __floatdidf
                0x080004f4                __aeabi_l2d
 .text          0x08000550      0x424 D:/files/Informatyka/STUDIA/Semestr IV/Systemy wbudowane i mikroprocesory/IDE/STM32CubeIDE_1.18.1/STM32CubeIDE/plugins/com.st.stm32cube.ide.mcu.externaltools.gnu-tools-for-stm32.13.3.rel1.win32_1.0.0.202411081344/tools/bin/../lib/gcc/arm-none-eabi/13.3.1/thumb/v7e-m+fp/hard\libgcc.a(_arm_muldivdf3.o)
                0x08000550                __aeabi_dmul
                0x08000550                __muldf3
                0x080007a4                __divdf3
                0x080007a4                __aeabi_ddiv
 .text          0x08000974       0xa0 D:/files/Informatyka/STUDIA/Semestr IV/Systemy wbudowane i mikroprocesory/IDE/STM32CubeIDE_1.18.1/STM32CubeIDE/plugins/com.st.stm32cube.ide.mcu.externaltools.gnu-tools-for-stm32.13.3.rel1.win32_1.0.0.202411081344/tools/bin/../lib/gcc/arm-none-eabi/13.3.1/thumb/v7e-m+fp/hard\libgcc.a(_arm_truncdfsf2.o)
                0x08000974                __truncdfsf2
                0x08000974                __aeabi_d2f
 *(.text*)
 .text.L_WHL_Forward
                0x08000a14       0x20 ./Core/Src/main.o
                0x08000a14                L_WHL_Forward
 .text.L_WHL_Reverse
                0x08000a34       0x20 ./Core/Src/main.o
                0x08000a34                L_WHL_Reverse
 .text.R_WHL_Forward
                0x08000a54       0x24 ./Core/Src/main.o
                0x08000a54                R_WHL_Forward
 .text.R_WHL_Reverse
                0x08000a78       0x24 ./Core/Src/main.o
                0x08000a78                R_WHL_Reverse
 .text.ALL_WHL_Forward
                0x08000a9c       0x3c ./Core/Src/main.o
                0x08000a9c                ALL_WHL_Forward
 .text.ALL_WHL_Reverse
                0x08000ad8       0x3c ./Core/Src/main.o
                0x08000ad8                ALL_WHL_Reverse
 .text.ALL_WHL_Stop
                0x08000b14       0x3c ./Core/Src/main.o
                0x08000b14                ALL_WHL_Stop
 .text.Turn_Left
                0x08000b50       0x10 ./Core/Src/main.o
                0x08000b50                Turn_Left
 .text.Turn_Right
                0x08000b60       0x10 ./Core/Src/main.o
                0x08000b60                Turn_Right
 .text.main     0x08000b70      0x328 ./Core/Src/main.o
                0x08000b70                main
 .text.SystemClock_Config
                0x08000e98       0xb0 ./Core/Src/main.o
                0x08000e98                SystemClock_Config
 .text.MX_TIM1_Init
                0x08000f48      0x170 ./Core/Src/main.o
 .text.MX_TIM2_Init
                0x080010b8       0x9c ./Core/Src/main.o
 .text.MX_USART2_UART_Init
                0x08001154       0x60 ./Core/Src/main.o
 .text.MX_GPIO_Init
                0x080011b4      0x148 ./Core/Src/main.o
 .text.Error_Handler
                0x080012fc        0xc ./Core/Src/main.o
                0x080012fc                Error_Handler
 .text.HAL_MspInit
                0x08001308       0x48 ./Core/Src/stm32f3xx_hal_msp.o
                0x08001308                HAL_MspInit
 .text.HAL_TIM_Base_MspInit
                0x08001350       0x64 ./Core/Src/stm32f3xx_hal_msp.o
                0x08001350                HAL_TIM_Base_MspInit
 .text.HAL_TIM_MspPostInit
                0x080013b4       0x70 ./Core/Src/stm32f3xx_hal_msp.o
                0x080013b4                HAL_TIM_MspPostInit
 .text.HAL_UART_MspInit
                0x08001424       0x84 ./Core/Src/stm32f3xx_hal_msp.o
                0x08001424                HAL_UART_MspInit
 .text.NMI_Handler
                0x080014a8        0x8 ./Core/Src/stm32f3xx_it.o
                0x080014a8                NMI_Handler
 .text.HardFault_Handler
                0x080014b0        0x8 ./Core/Src/stm32f3xx_it.o
                0x080014b0                HardFault_Handler
 .text.MemManage_Handler
                0x080014b8        0x8 ./Core/Src/stm32f3xx_it.o
                0x080014b8                MemManage_Handler
 .text.BusFault_Handler
                0x080014c0        0x8 ./Core/Src/stm32f3xx_it.o
                0x080014c0                BusFault_Handler
 .text.UsageFault_Handler
                0x080014c8        0x8 ./Core/Src/stm32f3xx_it.o
                0x080014c8                UsageFault_Handler
 .text.SVC_Handler
                0x080014d0        0xe ./Core/Src/stm32f3xx_it.o
                0x080014d0                SVC_Handler
 .text.DebugMon_Handler
                0x080014de        0xe ./Core/Src/stm32f3xx_it.o
                0x080014de                DebugMon_Handler
 .text.PendSV_Handler
                0x080014ec        0xe ./Core/Src/stm32f3xx_it.o
                0x080014ec                PendSV_Handler
 .text.SysTick_Handler
                0x080014fa        0xc ./Core/Src/stm32f3xx_it.o
                0x080014fa                SysTick_Handler
 *fill*         0x08001506        0x2 
 .text.EXTI15_10_IRQHandler
                0x08001508       0x44 ./Core/Src/stm32f3xx_it.o
                0x08001508                EXTI15_10_IRQHandler
 .text.SystemInit
                0x0800154c       0x24 ./Core/Src/system_stm32f3xx.o
                0x0800154c                SystemInit
 .text.Reset_Handler
                0x08001570       0x50 ./Core/Startup/startup_stm32f303retx.o
                0x08001570                Reset_Handler
 .text.Default_Handler
                0x080015c0        0x2 ./Core/Startup/startup_stm32f303retx.o
                0x080015c0                RTC_Alarm_IRQHandler
                0x080015c0                TIM8_TRG_COM_IRQHandler
                0x080015c0                TIM8_CC_IRQHandler
                0x080015c0                SPI4_IRQHandler
                0x080015c0                TIM1_CC_IRQHandler
                0x080015c0                USB_HP_IRQHandler
                0x080015c0                PVD_IRQHandler
                0x080015c0                TAMP_STAMP_IRQHandler
                0x080015c0                EXTI3_IRQHandler
                0x080015c0                I2C3_ER_IRQHandler
                0x080015c0                USB_HP_CAN_TX_IRQHandler
                0x080015c0                EXTI0_IRQHandler
                0x080015c0                I2C2_EV_IRQHandler
                0x080015c0                FPU_IRQHandler
                0x080015c0                TIM1_UP_TIM16_IRQHandler
                0x080015c0                ADC1_2_IRQHandler
                0x080015c0                SPI1_IRQHandler
                0x080015c0                CAN_SCE_IRQHandler
                0x080015c0                TIM6_DAC_IRQHandler
                0x080015c0                TIM8_UP_IRQHandler
                0x080015c0                DMA2_Channel2_IRQHandler
                0x080015c0                DMA1_Channel4_IRQHandler
                0x080015c0                TIM20_TRG_COM_IRQHandler
                0x080015c0                USART3_IRQHandler
                0x080015c0                DMA1_Channel7_IRQHandler
                0x080015c0                UART5_IRQHandler
                0x080015c0                ADC3_IRQHandler
                0x080015c0                TIM4_IRQHandler
                0x080015c0                CAN_RX1_IRQHandler
                0x080015c0                DMA2_Channel1_IRQHandler
                0x080015c0                I2C1_EV_IRQHandler
                0x080015c0                DMA1_Channel6_IRQHandler
                0x080015c0                UART4_IRQHandler
                0x080015c0                DMA2_Channel4_IRQHandler
                0x080015c0                TIM3_IRQHandler
                0x080015c0                RCC_IRQHandler
                0x080015c0                TIM20_UP_IRQHandler
                0x080015c0                DMA1_Channel1_IRQHandler
                0x080015c0                Default_Handler
                0x080015c0                USBWakeUp_RMP_IRQHandler
                0x080015c0                TIM7_IRQHandler
                0x080015c0                I2C3_EV_IRQHandler
                0x080015c0                EXTI9_5_IRQHandler
                0x080015c0                RTC_WKUP_IRQHandler
                0x080015c0                SPI2_IRQHandler
                0x080015c0                USB_LP_CAN_RX0_IRQHandler
                0x080015c0                DMA2_Channel5_IRQHandler
                0x080015c0                DMA1_Channel5_IRQHandler
                0x080015c0                USB_LP_IRQHandler
                0x080015c0                EXTI4_IRQHandler
                0x080015c0                TIM1_TRG_COM_TIM17_IRQHandler
                0x080015c0                DMA1_Channel3_IRQHandler
                0x080015c0                ADC4_IRQHandler
                0x080015c0                WWDG_IRQHandler
                0x080015c0                TIM2_IRQHandler
                0x080015c0                COMP7_IRQHandler
                0x080015c0                COMP1_2_3_IRQHandler
                0x080015c0                EXTI1_IRQHandler
                0x080015c0                USART2_IRQHandler
                0x080015c0                COMP4_5_6_IRQHandler
                0x080015c0                TIM20_BRK_IRQHandler
                0x080015c0                I2C2_ER_IRQHandler
                0x080015c0                DMA1_Channel2_IRQHandler
                0x080015c0                TIM8_BRK_IRQHandler
                0x080015c0                FLASH_IRQHandler
                0x080015c0                TIM20_CC_IRQHandler
                0x080015c0                USART1_IRQHandler
                0x080015c0                SPI3_IRQHandler
                0x080015c0                I2C1_ER_IRQHandler
                0x080015c0                FMC_IRQHandler
                0x080015c0                USBWakeUp_IRQHandler
                0x080015c0                DMA2_Channel3_IRQHandler
                0x080015c0                EXTI2_TSC_IRQHandler
                0x080015c0                TIM1_BRK_TIM15_IRQHandler
 *fill*         0x080015c2        0x2 
 .text.HAL_Init
                0x080015c4       0x2c ./Drivers/STM32F3xx_HAL_Driver/Src/stm32f3xx_hal.o
                0x080015c4                HAL_Init
 .text.HAL_InitTick
                0x080015f0       0x60 ./Drivers/STM32F3xx_HAL_Driver/Src/stm32f3xx_hal.o
                0x080015f0                HAL_InitTick
 .text.HAL_IncTick
                0x08001650       0x28 ./Drivers/STM32F3xx_HAL_Driver/Src/stm32f3xx_hal.o
                0x08001650                HAL_IncTick
 .text.HAL_GetTick
                0x08001678       0x18 ./Drivers/STM32F3xx_HAL_Driver/Src/stm32f3xx_hal.o
                0x08001678                HAL_GetTick
 .text.HAL_Delay
                0x08001690       0x48 ./Drivers/STM32F3xx_HAL_Driver/Src/stm32f3xx_hal.o
                0x08001690                HAL_Delay
 .text.__NVIC_SetPriorityGrouping
                0x080016d8       0x48 ./Drivers/STM32F3xx_HAL_Driver/Src/stm32f3xx_hal_cortex.o
 .text.__NVIC_GetPriorityGrouping
                0x08001720       0x1c ./Drivers/STM32F3xx_HAL_Driver/Src/stm32f3xx_hal_cortex.o
 .text.__NVIC_EnableIRQ
                0x0800173c       0x3c ./Drivers/STM32F3xx_HAL_Driver/Src/stm32f3xx_hal_cortex.o
 .text.__NVIC_SetPriority
                0x08001778       0x54 ./Drivers/STM32F3xx_HAL_Driver/Src/stm32f3xx_hal_cortex.o
 .text.NVIC_EncodePriority
                0x080017cc       0x66 ./Drivers/STM32F3xx_HAL_Driver/Src/stm32f3xx_hal_cortex.o
 *fill*         0x08001832        0x2 
 .text.SysTick_Config
                0x08001834       0x44 ./Drivers/STM32F3xx_HAL_Driver/Src/stm32f3xx_hal_cortex.o
 .text.HAL_NVIC_SetPriorityGrouping
                0x08001878       0x16 ./Drivers/STM32F3xx_HAL_Driver/Src/stm32f3xx_hal_cortex.o
                0x08001878                HAL_NVIC_SetPriorityGrouping
 .text.HAL_NVIC_SetPriority
                0x0800188e       0x38 ./Drivers/STM32F3xx_HAL_Driver/Src/stm32f3xx_hal_cortex.o
                0x0800188e                HAL_NVIC_SetPriority
 .text.HAL_NVIC_EnableIRQ
                0x080018c6       0x1c ./Drivers/STM32F3xx_HAL_Driver/Src/stm32f3xx_hal_cortex.o
                0x080018c6                HAL_NVIC_EnableIRQ
 .text.HAL_SYSTICK_Config
                0x080018e2       0x18 ./Drivers/STM32F3xx_HAL_Driver/Src/stm32f3xx_hal_cortex.o
                0x080018e2                HAL_SYSTICK_Config
 *fill*         0x080018fa        0x2 
 .text.HAL_GPIO_Init
                0x080018fc      0x314 ./Drivers/STM32F3xx_HAL_Driver/Src/stm32f3xx_hal_gpio.o
                0x080018fc                HAL_GPIO_Init
 .text.HAL_GPIO_ReadPin
                0x08001c10       0x30 ./Drivers/STM32F3xx_HAL_Driver/Src/stm32f3xx_hal_gpio.o
                0x08001c10                HAL_GPIO_ReadPin
 .text.HAL_GPIO_WritePin
                0x08001c40       0x30 ./Drivers/STM32F3xx_HAL_Driver/Src/stm32f3xx_hal_gpio.o
                0x08001c40                HAL_GPIO_WritePin
 .text.HAL_GPIO_EXTI_IRQHandler
                0x08001c70       0x30 ./Drivers/STM32F3xx_HAL_Driver/Src/stm32f3xx_hal_gpio.o
                0x08001c70                HAL_GPIO_EXTI_IRQHandler
 .text.HAL_GPIO_EXTI_Callback
                0x08001ca0       0x16 ./Drivers/STM32F3xx_HAL_Driver/Src/stm32f3xx_hal_gpio.o
                0x08001ca0                HAL_GPIO_EXTI_Callback
 *fill*         0x08001cb6        0x2 
 .text.HAL_RCC_OscConfig
                0x08001cb8     0x1048 ./Drivers/STM32F3xx_HAL_Driver/Src/stm32f3xx_hal_rcc.o
                0x08001cb8                HAL_RCC_OscConfig
 .text.HAL_RCC_ClockConfig
                0x08002d00      0x2dc ./Drivers/STM32F3xx_HAL_Driver/Src/stm32f3xx_hal_rcc.o
                0x08002d00                HAL_RCC_ClockConfig
 .text.HAL_RCC_GetSysClockFreq
                0x08002fdc       0xa8 ./Drivers/STM32F3xx_HAL_Driver/Src/stm32f3xx_hal_rcc.o
                0x08002fdc                HAL_RCC_GetSysClockFreq
 .text.HAL_RCC_GetHCLKFreq
                0x08003084       0x18 ./Drivers/STM32F3xx_HAL_Driver/Src/stm32f3xx_hal_rcc.o
                0x08003084                HAL_RCC_GetHCLKFreq
 .text.HAL_RCC_GetPCLK1Freq
                0x0800309c       0x44 ./Drivers/STM32F3xx_HAL_Driver/Src/stm32f3xx_hal_rcc.o
                0x0800309c                HAL_RCC_GetPCLK1Freq
 .text.HAL_RCC_GetPCLK2Freq
                0x080030e0       0x44 ./Drivers/STM32F3xx_HAL_Driver/Src/stm32f3xx_hal_rcc.o
                0x080030e0                HAL_RCC_GetPCLK2Freq
 .text.HAL_RCCEx_PeriphCLKConfig
                0x08003124      0x438 ./Drivers/STM32F3xx_HAL_Driver/Src/stm32f3xx_hal_rcc_ex.o
                0x08003124                HAL_RCCEx_PeriphCLKConfig
 .text.HAL_TIM_Base_Init
                0x0800355c       0xae ./Drivers/STM32F3xx_HAL_Driver/Src/stm32f3xx_hal_tim.o
                0x0800355c                HAL_TIM_Base_Init
 *fill*         0x0800360a        0x2 
 .text.HAL_TIM_Base_Start
                0x0800360c       0xd0 ./Drivers/STM32F3xx_HAL_Driver/Src/stm32f3xx_hal_tim.o
                0x0800360c                HAL_TIM_Base_Start
 .text.HAL_TIM_PWM_Init
                0x080036dc       0xae ./Drivers/STM32F3xx_HAL_Driver/Src/stm32f3xx_hal_tim.o
                0x080036dc                HAL_TIM_PWM_Init
 .text.HAL_TIM_PWM_MspInit
                0x0800378a       0x14 ./Drivers/STM32F3xx_HAL_Driver/Src/stm32f3xx_hal_tim.o
                0x0800378a                HAL_TIM_PWM_MspInit
 *fill*         0x0800379e        0x2 
 .text.HAL_TIM_PWM_Start
                0x080037a0      0x218 ./Drivers/STM32F3xx_HAL_Driver/Src/stm32f3xx_hal_tim.o
                0x080037a0                HAL_TIM_PWM_Start
 .text.HAL_TIM_PWM_ConfigChannel
                0x080039b8      0x228 ./Drivers/STM32F3xx_HAL_Driver/Src/stm32f3xx_hal_tim.o
                0x080039b8                HAL_TIM_PWM_ConfigChannel
 .text.HAL_TIM_ConfigClockSource
                0x08003be0      0x192 ./Drivers/STM32F3xx_HAL_Driver/Src/stm32f3xx_hal_tim.o
                0x08003be0                HAL_TIM_ConfigClockSource
 *fill*         0x08003d72        0x2 
 .text.TIM_Base_SetConfig
                0x08003d74      0x154 ./Drivers/STM32F3xx_HAL_Driver/Src/stm32f3xx_hal_tim.o
                0x08003d74                TIM_Base_SetConfig
 .text.TIM_OC1_SetConfig
                0x08003ec8      0x134 ./Drivers/STM32F3xx_HAL_Driver/Src/stm32f3xx_hal_tim.o
 .text.TIM_OC2_SetConfig
                0x08003ffc      0x128 ./Drivers/STM32F3xx_HAL_Driver/Src/stm32f3xx_hal_tim.o
                0x08003ffc                TIM_OC2_SetConfig
 .text.TIM_OC3_SetConfig
                0x08004124      0x124 ./Drivers/STM32F3xx_HAL_Driver/Src/stm32f3xx_hal_tim.o
 .text.TIM_OC4_SetConfig
                0x08004248       0xe0 ./Drivers/STM32F3xx_HAL_Driver/Src/stm32f3xx_hal_tim.o
 .text.TIM_OC5_SetConfig
                0x08004328       0xd4 ./Drivers/STM32F3xx_HAL_Driver/Src/stm32f3xx_hal_tim.o
 .text.TIM_OC6_SetConfig
                0x080043fc       0xd8 ./Drivers/STM32F3xx_HAL_Driver/Src/stm32f3xx_hal_tim.o
 .text.TIM_TI1_ConfigInputStage
                0x080044d4       0x5e ./Drivers/STM32F3xx_HAL_Driver/Src/stm32f3xx_hal_tim.o
 .text.TIM_TI2_ConfigInputStage
                0x08004532       0x60 ./Drivers/STM32F3xx_HAL_Driver/Src/stm32f3xx_hal_tim.o
 .text.TIM_ITRx_SetConfig
                0x08004592       0x36 ./Drivers/STM32F3xx_HAL_Driver/Src/stm32f3xx_hal_tim.o
 .text.TIM_ETR_SetConfig
                0x080045c8       0x40 ./Drivers/STM32F3xx_HAL_Driver/Src/stm32f3xx_hal_tim.o
                0x080045c8                TIM_ETR_SetConfig
 .text.TIM_CCxChannelCmd
                0x08004608       0x4a ./Drivers/STM32F3xx_HAL_Driver/Src/stm32f3xx_hal_tim.o
                0x08004608                TIM_CCxChannelCmd
 *fill*         0x08004652        0x2 
 .text.HAL_TIMEx_MasterConfigSynchronization
                0x08004654      0x118 ./Drivers/STM32F3xx_HAL_Driver/Src/stm32f3xx_hal_tim_ex.o
                0x08004654                HAL_TIMEx_MasterConfigSynchronization
 .text.HAL_TIMEx_ConfigBreakDeadTime
                0x0800476c      0x10c ./Drivers/STM32F3xx_HAL_Driver/Src/stm32f3xx_hal_tim_ex.o
                0x0800476c                HAL_TIMEx_ConfigBreakDeadTime
 .text.HAL_UART_Init
                0x08004878       0x9c ./Drivers/STM32F3xx_HAL_Driver/Src/stm32f3xx_hal_uart.o
                0x08004878                HAL_UART_Init
 .text.HAL_UART_Transmit
                0x08004914      0x112 ./Drivers/STM32F3xx_HAL_Driver/Src/stm32f3xx_hal_uart.o
                0x08004914                HAL_UART_Transmit
 .text.HAL_UART_Receive
                0x08004a26      0x192 ./Drivers/STM32F3xx_HAL_Driver/Src/stm32f3xx_hal_uart.o
                0x08004a26                HAL_UART_Receive
 .text.UART_SetConfig
                0x08004bb8      0x3a8 ./Drivers/STM32F3xx_HAL_Driver/Src/stm32f3xx_hal_uart.o
                0x08004bb8                UART_SetConfig
 .text.UART_AdvFeatureConfig
                0x08004f60      0x144 ./Drivers/STM32F3xx_HAL_Driver/Src/stm32f3xx_hal_uart.o
                0x08004f60                UART_AdvFeatureConfig
 .text.UART_CheckIdleState
                0x080050a4      0x150 ./Drivers/STM32F3xx_HAL_Driver/Src/stm32f3xx_hal_uart.o
                0x080050a4                UART_CheckIdleState
 .text.UART_WaitOnFlagUntilTimeout
                0x080051f4       0xda ./Drivers/STM32F3xx_HAL_Driver/Src/stm32f3xx_hal_uart.o
                0x080051f4                UART_WaitOnFlagUntilTimeout
 .text.UART_EndRxTransfer
                0x080052ce       0xc8 ./Drivers/STM32F3xx_HAL_Driver/Src/stm32f3xx_hal_uart.o
 .text.memset   0x08005396       0x10 D:/files/Informatyka/STUDIA/Semestr IV/Systemy wbudowane i mikroprocesory/IDE/STM32CubeIDE_1.18.1/STM32CubeIDE/plugins/com.st.stm32cube.ide.mcu.externaltools.gnu-tools-for-stm32.13.3.rel1.win32_1.0.0.202411081344/tools/bin/../lib/gcc/arm-none-eabi/13.3.1/../../../../arm-none-eabi/lib/thumb/v7e-m+fp/hard\libc_nano.a(libc_a-memset.o)
                0x08005396                memset
 *fill*         0x080053a6        0x2 
 .text.__libc_init_array
                0x080053a8       0x48 D:/files/Informatyka/STUDIA/Semestr IV/Systemy wbudowane i mikroprocesory/IDE/STM32CubeIDE_1.18.1/STM32CubeIDE/plugins/com.st.stm32cube.ide.mcu.externaltools.gnu-tools-for-stm32.13.3.rel1.win32_1.0.0.202411081344/tools/bin/../lib/gcc/arm-none-eabi/13.3.1/../../../../arm-none-eabi/lib/thumb/v7e-m+fp/hard\libc_nano.a(libc_a-init.o)
                0x080053a8                __libc_init_array
 *(.glue_7)
 .glue_7        0x080053f0        0x0 linker stubs
 *(.glue_7t)
 .glue_7t       0x080053f0        0x0 linker stubs
 *(.eh_frame)
 .eh_frame      0x080053f0        0x0 D:/files/Informatyka/STUDIA/Semestr IV/Systemy wbudowane i mikroprocesory/IDE/STM32CubeIDE_1.18.1/STM32CubeIDE/plugins/com.st.stm32cube.ide.mcu.externaltools.gnu-tools-for-stm32.13.3.rel1.win32_1.0.0.202411081344/tools/bin/../lib/gcc/arm-none-eabi/13.3.1/thumb/v7e-m+fp/hard/crtbegin.o
 *(.init)
 .init          0x080053f0        0x4 D:/files/Informatyka/STUDIA/Semestr IV/Systemy wbudowane i mikroprocesory/IDE/STM32CubeIDE_1.18.1/STM32CubeIDE/plugins/com.st.stm32cube.ide.mcu.externaltools.gnu-tools-for-stm32.13.3.rel1.win32_1.0.0.202411081344/tools/bin/../lib/gcc/arm-none-eabi/13.3.1/thumb/v7e-m+fp/hard/crti.o
                0x080053f0                _init
 .init          0x080053f4        0x8 D:/files/Informatyka/STUDIA/Semestr IV/Systemy wbudowane i mikroprocesory/IDE/STM32CubeIDE_1.18.1/STM32CubeIDE/plugins/com.st.stm32cube.ide.mcu.externaltools.gnu-tools-for-stm32.13.3.rel1.win32_1.0.0.202411081344/tools/bin/../lib/gcc/arm-none-eabi/13.3.1/thumb/v7e-m+fp/hard/crtn.o
 *(.fini)
 .fini          0x080053fc        0x4 D:/files/Informatyka/STUDIA/Semestr IV/Systemy wbudowane i mikroprocesory/IDE/STM32CubeIDE_1.18.1/STM32CubeIDE/plugins/com.st.stm32cube.ide.mcu.externaltools.gnu-tools-for-stm32.13.3.rel1.win32_1.0.0.202411081344/tools/bin/../lib/gcc/arm-none-eabi/13.3.1/thumb/v7e-m+fp/hard/crti.o
                0x080053fc                _fini
 .fini          0x08005400        0x8 D:/files/Informatyka/STUDIA/Semestr IV/Systemy wbudowane i mikroprocesory/IDE/STM32CubeIDE_1.18.1/STM32CubeIDE/plugins/com.st.stm32cube.ide.mcu.externaltools.gnu-tools-for-stm32.13.3.rel1.win32_1.0.0.202411081344/tools/bin/../lib/gcc/arm-none-eabi/13.3.1/thumb/v7e-m+fp/hard/crtn.o
                0x08005408                        . = ALIGN (0x4)
                0x08005408                        _etext = .

.vfp11_veneer   0x08005408        0x0
 .vfp11_veneer  0x08005408        0x0 linker stubs

.v4_bx          0x08005408        0x0
 .v4_bx         0x08005408        0x0 linker stubs

.iplt           0x08005408        0x0
 .iplt          0x08005408        0x0 D:/files/Informatyka/STUDIA/Semestr IV/Systemy wbudowane i mikroprocesory/IDE/STM32CubeIDE_1.18.1/STM32CubeIDE/plugins/com.st.stm32cube.ide.mcu.externaltools.gnu-tools-for-stm32.13.3.rel1.win32_1.0.0.202411081344/tools/bin/../lib/gcc/arm-none-eabi/13.3.1/thumb/v7e-m+fp/hard/crtbegin.o

.rodata         0x08005408       0xa4
                0x08005408                        . = ALIGN (0x4)
 *(.rodata)
 .rodata        0x08005408       0x6a ./Core/Src/main.o
 *(.rodata*)
 *fill*         0x08005472        0x2 
 .rodata.AHBPrescTable
                0x08005474       0x10 ./Core/Src/system_stm32f3xx.o
                0x08005474                AHBPrescTable
 .rodata.APBPrescTable
                0x08005484        0x8 ./Core/Src/system_stm32f3xx.o
                0x08005484                APBPrescTable
 .rodata.aPLLMULFactorTable
                0x0800548c       0x10 ./Drivers/STM32F3xx_HAL_Driver/Src/stm32f3xx_hal_rcc.o
 .rodata.aPredivFactorTable
                0x0800549c       0x10 ./Drivers/STM32F3xx_HAL_Driver/Src/stm32f3xx_hal_rcc.o
                0x080054ac                        . = ALIGN (0x4)

.ARM.extab      0x080054ac        0x0
                0x080054ac                        . = ALIGN (0x4)
 *(.ARM.extab* .gnu.linkonce.armextab.*)
                0x080054ac                        . = ALIGN (0x4)

.ARM            0x080054ac        0x0
                0x080054ac                        . = ALIGN (0x4)
                0x080054ac                        __exidx_start = .
 *(.ARM.exidx*)
                0x080054ac                        __exidx_end = .
                0x080054ac                        . = ALIGN (0x4)

.preinit_array  0x080054ac        0x0
                0x080054ac                        . = ALIGN (0x4)
                0x080054ac                        PROVIDE (__preinit_array_start = .)
 *(.preinit_array*)
                0x080054ac                        PROVIDE (__preinit_array_end = .)
                0x080054ac                        . = ALIGN (0x4)

.init_array     0x080054ac        0x4
                0x080054ac                        . = ALIGN (0x4)
                0x080054ac                        PROVIDE (__init_array_start = .)
 *(SORT_BY_NAME(.init_array.*))
 *(.init_array*)
 .init_array    0x080054ac        0x4 D:/files/Informatyka/STUDIA/Semestr IV/Systemy wbudowane i mikroprocesory/IDE/STM32CubeIDE_1.18.1/STM32CubeIDE/plugins/com.st.stm32cube.ide.mcu.externaltools.gnu-tools-for-stm32.13.3.rel1.win32_1.0.0.202411081344/tools/bin/../lib/gcc/arm-none-eabi/13.3.1/thumb/v7e-m+fp/hard/crtbegin.o
                0x080054b0                        PROVIDE (__init_array_end = .)
                0x080054b0                        . = ALIGN (0x4)

.fini_array     0x080054b0        0x4
                0x080054b0                        . = ALIGN (0x4)
                [!provide]                        PROVIDE (__fini_array_start = .)
 *(SORT_BY_NAME(.fini_array.*))
 *(.fini_array*)
 .fini_array    0x080054b0        0x4 D:/files/Informatyka/STUDIA/Semestr IV/Systemy wbudowane i mikroprocesory/IDE/STM32CubeIDE_1.18.1/STM32CubeIDE/plugins/com.st.stm32cube.ide.mcu.externaltools.gnu-tools-for-stm32.13.3.rel1.win32_1.0.0.202411081344/tools/bin/../lib/gcc/arm-none-eabi/13.3.1/thumb/v7e-m+fp/hard/crtbegin.o
                [!provide]                        PROVIDE (__fini_array_end = .)
                0x080054b4                        . = ALIGN (0x4)
                0x080054b4                        _sidata = LOADADDR (.data)

.rel.dyn        0x080054b4        0x0
 .rel.iplt      0x080054b4        0x0 D:/files/Informatyka/STUDIA/Semestr IV/Systemy wbudowane i mikroprocesory/IDE/STM32CubeIDE_1.18.1/STM32CubeIDE/plugins/com.st.stm32cube.ide.mcu.externaltools.gnu-tools-for-stm32.13.3.rel1.win32_1.0.0.202411081344/tools/bin/../lib/gcc/arm-none-eabi/13.3.1/thumb/v7e-m+fp/hard/crtbegin.o

.data           0x20000000        0xc load address 0x080054b4
                0x20000000                        . = ALIGN (0x4)
                0x20000000                        _sdata = .
 *(.data)
 *(.data*)
 .data.SystemCoreClock
                0x20000000        0x4 ./Core/Src/system_stm32f3xx.o
                0x20000000                SystemCoreClock
 .data.uwTickPrio
                0x20000004        0x4 ./Drivers/STM32F3xx_HAL_Driver/Src/stm32f3xx_hal.o
                0x20000004                uwTickPrio
 .data.uwTickFreq
                0x20000008        0x1 ./Drivers/STM32F3xx_HAL_Driver/Src/stm32f3xx_hal.o
                0x20000008                uwTickFreq
 *(.RamFunc)
 *(.RamFunc*)
                0x2000000c                        . = ALIGN (0x4)
 *fill*         0x20000009        0x3 
                0x2000000c                        _edata = .
                0x080054c0                        _siccmram = LOADADDR (.ccmram)

.igot.plt       0x2000000c        0x0 load address 0x080054c0
 .igot.plt      0x2000000c        0x0 D:/files/Informatyka/STUDIA/Semestr IV/Systemy wbudowane i mikroprocesory/IDE/STM32CubeIDE_1.18.1/STM32CubeIDE/plugins/com.st.stm32cube.ide.mcu.externaltools.gnu-tools-for-stm32.13.3.rel1.win32_1.0.0.202411081344/tools/bin/../lib/gcc/arm-none-eabi/13.3.1/thumb/v7e-m+fp/hard/crtbegin.o

.ccmram         0x10000000        0x0 load address 0x080054c0
                0x10000000                        . = ALIGN (0x4)
                0x10000000                        _sccmram = .
 *(.ccmram)
 *(.ccmram*)
                0x10000000                        . = ALIGN (0x4)
                0x10000000                        _eccmram = .
                0x10000000                        . = ALIGN (0x4)

.bss            0x2000000c      0x144
                0x2000000c                        _sbss = .
                0x2000000c                        __bss_start__ = _sbss
 *(.bss)
 .bss           0x2000000c       0x1c D:/files/Informatyka/STUDIA/Semestr IV/Systemy wbudowane i mikroprocesory/IDE/STM32CubeIDE_1.18.1/STM32CubeIDE/plugins/com.st.stm32cube.ide.mcu.externaltools.gnu-tools-for-stm32.13.3.rel1.win32_1.0.0.202411081344/tools/bin/../lib/gcc/arm-none-eabi/13.3.1/thumb/v7e-m+fp/hard/crtbegin.o
 *(.bss*)
 .bss.htim1     0x20000028       0x4c ./Core/Src/main.o
                0x20000028                htim1
 .bss.htim2     0x20000074       0x4c ./Core/Src/main.o
                0x20000074                htim2
 .bss.huart2    0x200000c0       0x88 ./Core/Src/main.o
                0x200000c0                huart2
 .bss.mode      0x20000148        0x1 ./Core/Src/main.o
                0x20000148                mode
 *fill*         0x20000149        0x3 
 .bss.uwTick    0x2000014c        0x4 ./Drivers/STM32F3xx_HAL_Driver/Src/stm32f3xx_hal.o
                0x2000014c                uwTick
 *(COMMON)
                0x20000150                        . = ALIGN (0x4)
                0x20000150                        _ebss = .
                0x20000150                        __bss_end__ = _ebss

._user_heap_stack
                0x20000150      0x600
                0x20000150                        . = ALIGN (0x8)
                [!provide]                        PROVIDE (end = .)
                0x20000150                        PROVIDE (_end = .)
                0x20000350                        . = (. + _Min_Heap_Size)
 *fill*         0x20000150      0x200 
                0x20000750                        . = (. + _Min_Stack_Size)
 *fill*         0x20000350      0x400 
                0x20000750                        . = ALIGN (0x8)

/DISCARD/
 libc.a(*)
 libm.a(*)
 libgcc.a(*)

.ARM.attributes
                0x00000000       0x30
 *(.ARM.attributes)
 .ARM.attributes
                0x00000000       0x22 D:/files/Informatyka/STUDIA/Semestr IV/Systemy wbudowane i mikroprocesory/IDE/STM32CubeIDE_1.18.1/STM32CubeIDE/plugins/com.st.stm32cube.ide.mcu.externaltools.gnu-tools-for-stm32.13.3.rel1.win32_1.0.0.202411081344/tools/bin/../lib/gcc/arm-none-eabi/13.3.1/thumb/v7e-m+fp/hard/crti.o
 .ARM.attributes
                0x00000022       0x34 D:/files/Informatyka/STUDIA/Semestr IV/Systemy wbudowane i mikroprocesory/IDE/STM32CubeIDE_1.18.1/STM32CubeIDE/plugins/com.st.stm32cube.ide.mcu.externaltools.gnu-tools-for-stm32.13.3.rel1.win32_1.0.0.202411081344/tools/bin/../lib/gcc/arm-none-eabi/13.3.1/thumb/v7e-m+fp/hard/crtbegin.o
 .ARM.attributes
                0x00000056       0x34 ./Core/Src/main.o
 .ARM.attributes
                0x0000008a       0x34 ./Core/Src/stm32f3xx_hal_msp.o
 .ARM.attributes
                0x000000be       0x34 ./Core/Src/stm32f3xx_it.o
 .ARM.attributes
                0x000000f2       0x34 ./Core/Src/system_stm32f3xx.o
 .ARM.attributes
                0x00000126       0x21 ./Core/Startup/startup_stm32f303retx.o
 .ARM.attributes
                0x00000147       0x34 ./Drivers/STM32F3xx_HAL_Driver/Src/stm32f3xx_hal.o
 .ARM.attributes
                0x0000017b       0x34 ./Drivers/STM32F3xx_HAL_Driver/Src/stm32f3xx_hal_cortex.o
 .ARM.attributes
                0x000001af       0x34 ./Drivers/STM32F3xx_HAL_Driver/Src/stm32f3xx_hal_gpio.o
 .ARM.attributes
                0x000001e3       0x34 ./Drivers/STM32F3xx_HAL_Driver/Src/stm32f3xx_hal_rcc.o
 .ARM.attributes
                0x00000217       0x34 ./Drivers/STM32F3xx_HAL_Driver/Src/stm32f3xx_hal_rcc_ex.o
 .ARM.attributes
                0x0000024b       0x34 ./Drivers/STM32F3xx_HAL_Driver/Src/stm32f3xx_hal_tim.o
 .ARM.attributes
                0x0000027f       0x34 ./Drivers/STM32F3xx_HAL_Driver/Src/stm32f3xx_hal_tim_ex.o
 .ARM.attributes
                0x000002b3       0x34 ./Drivers/STM32F3xx_HAL_Driver/Src/stm32f3xx_hal_uart.o
 .ARM.attributes
                0x000002e7       0x34 D:/files/Informatyka/STUDIA/Semestr IV/Systemy wbudowane i mikroprocesory/IDE/STM32CubeIDE_1.18.1/STM32CubeIDE/plugins/com.st.stm32cube.ide.mcu.externaltools.gnu-tools-for-stm32.13.3.rel1.win32_1.0.0.202411081344/tools/bin/../lib/gcc/arm-none-eabi/13.3.1/../../../../arm-none-eabi/lib/thumb/v7e-m+fp/hard\libc_nano.a(libc_a-memset.o)
 .ARM.attributes
                0x0000031b       0x34 D:/files/Informatyka/STUDIA/Semestr IV/Systemy wbudowane i mikroprocesory/IDE/STM32CubeIDE_1.18.1/STM32CubeIDE/plugins/com.st.stm32cube.ide.mcu.externaltools.gnu-tools-for-stm32.13.3.rel1.win32_1.0.0.202411081344/tools/bin/../lib/gcc/arm-none-eabi/13.3.1/../../../../arm-none-eabi/lib/thumb/v7e-m+fp/hard\libc_nano.a(libc_a-init.o)
 .ARM.attributes
                0x0000034f       0x22 D:/files/Informatyka/STUDIA/Semestr IV/Systemy wbudowane i mikroprocesory/IDE/STM32CubeIDE_1.18.1/STM32CubeIDE/plugins/com.st.stm32cube.ide.mcu.externaltools.gnu-tools-for-stm32.13.3.rel1.win32_1.0.0.202411081344/tools/bin/../lib/gcc/arm-none-eabi/13.3.1/thumb/v7e-m+fp/hard\libgcc.a(_arm_addsubdf3.o)
 .ARM.attributes
                0x00000371       0x22 D:/files/Informatyka/STUDIA/Semestr IV/Systemy wbudowane i mikroprocesory/IDE/STM32CubeIDE_1.18.1/STM32CubeIDE/plugins/com.st.stm32cube.ide.mcu.externaltools.gnu-tools-for-stm32.13.3.rel1.win32_1.0.0.202411081344/tools/bin/../lib/gcc/arm-none-eabi/13.3.1/thumb/v7e-m+fp/hard\libgcc.a(_arm_muldivdf3.o)
 .ARM.attributes
                0x00000393       0x22 D:/files/Informatyka/STUDIA/Semestr IV/Systemy wbudowane i mikroprocesory/IDE/STM32CubeIDE_1.18.1/STM32CubeIDE/plugins/com.st.stm32cube.ide.mcu.externaltools.gnu-tools-for-stm32.13.3.rel1.win32_1.0.0.202411081344/tools/bin/../lib/gcc/arm-none-eabi/13.3.1/thumb/v7e-m+fp/hard\libgcc.a(_arm_truncdfsf2.o)
 .ARM.attributes
                0x000003b5       0x22 D:/files/Informatyka/STUDIA/Semestr IV/Systemy wbudowane i mikroprocesory/IDE/STM32CubeIDE_1.18.1/STM32CubeIDE/plugins/com.st.stm32cube.ide.mcu.externaltools.gnu-tools-for-stm32.13.3.rel1.win32_1.0.0.202411081344/tools/bin/../lib/gcc/arm-none-eabi/13.3.1/thumb/v7e-m+fp/hard/crtn.o
OUTPUT(temp.elf elf32-littlearm)
LOAD linker stubs
LOAD D:/files/Informatyka/STUDIA/Semestr IV/Systemy wbudowane i mikroprocesory/IDE/STM32CubeIDE_1.18.1/STM32CubeIDE/plugins/com.st.stm32cube.ide.mcu.externaltools.gnu-tools-for-stm32.13.3.rel1.win32_1.0.0.202411081344/tools/bin/../lib/gcc/arm-none-eabi/13.3.1/../../../../arm-none-eabi/lib/thumb/v7e-m+fp/hard\libc.a
LOAD D:/files/Informatyka/STUDIA/Semestr IV/Systemy wbudowane i mikroprocesory/IDE/STM32CubeIDE_1.18.1/STM32CubeIDE/plugins/com.st.stm32cube.ide.mcu.externaltools.gnu-tools-for-stm32.13.3.rel1.win32_1.0.0.202411081344/tools/bin/../lib/gcc/arm-none-eabi/13.3.1/../../../../arm-none-eabi/lib/thumb/v7e-m+fp/hard\libm.a
LOAD D:/files/Informatyka/STUDIA/Semestr IV/Systemy wbudowane i mikroprocesory/IDE/STM32CubeIDE_1.18.1/STM32CubeIDE/plugins/com.st.stm32cube.ide.mcu.externaltools.gnu-tools-for-stm32.13.3.rel1.win32_1.0.0.202411081344/tools/bin/../lib/gcc/arm-none-eabi/13.3.1/thumb/v7e-m+fp/hard\libgcc.a

.debug_info     0x00000000     0xdba8
 .debug_info    0x00000000     0x17c9 ./Core/Src/main.o
 .debug_info    0x000017c9      0xd35 ./Core/Src/stm32f3xx_hal_msp.o
 .debug_info    0x000024fe      0x27b ./Core/Src/stm32f3xx_it.o
 .debug_info    0x00002779      0x407 ./Core/Src/system_stm32f3xx.o
 .debug_info    0x00002b80       0x30 ./Core/Startup/startup_stm32f303retx.o
 .debug_info    0x00002bb0      0x804 ./Drivers/STM32F3xx_HAL_Driver/Src/stm32f3xx_hal.o
 .debug_info    0x000033b4      0xd14 ./Drivers/STM32F3xx_HAL_Driver/Src/stm32f3xx_hal_cortex.o
 .debug_info    0x000040c8      0x6a6 ./Drivers/STM32F3xx_HAL_Driver/Src/stm32f3xx_hal_gpio.o
 .debug_info    0x0000476e     0x149a ./Drivers/STM32F3xx_HAL_Driver/Src/stm32f3xx_hal_rcc.o
 .debug_info    0x00005c08      0x61b ./Drivers/STM32F3xx_HAL_Driver/Src/stm32f3xx_hal_rcc_ex.o
 .debug_info    0x00006223     0x2a70 ./Drivers/STM32F3xx_HAL_Driver/Src/stm32f3xx_hal_tim.o
 .debug_info    0x00008c93     0x156d ./Drivers/STM32F3xx_HAL_Driver/Src/stm32f3xx_hal_tim_ex.o
 .debug_info    0x0000a200     0x39a8 ./Drivers/STM32F3xx_HAL_Driver/Src/stm32f3xx_hal_uart.o

.debug_abbrev   0x00000000     0x1b01
 .debug_abbrev  0x00000000      0x2b2 ./Core/Src/main.o
 .debug_abbrev  0x000002b2      0x1db ./Core/Src/stm32f3xx_hal_msp.o
 .debug_abbrev  0x0000048d      0x14c ./Core/Src/stm32f3xx_it.o
 .debug_abbrev  0x000005d9      0x11a ./Core/Src/system_stm32f3xx.o
 .debug_abbrev  0x000006f3       0x24 ./Core/Startup/startup_stm32f303retx.o
 .debug_abbrev  0x00000717      0x215 ./Drivers/STM32F3xx_HAL_Driver/Src/stm32f3xx_hal.o
 .debug_abbrev  0x0000092c      0x31e ./Drivers/STM32F3xx_HAL_Driver/Src/stm32f3xx_hal_cortex.o
 .debug_abbrev  0x00000c4a      0x1ca ./Drivers/STM32F3xx_HAL_Driver/Src/stm32f3xx_hal_gpio.o
 .debug_abbrev  0x00000e14      0x300 ./Drivers/STM32F3xx_HAL_Driver/Src/stm32f3xx_hal_rcc.o
 .debug_abbrev  0x00001114      0x221 ./Drivers/STM32F3xx_HAL_Driver/Src/stm32f3xx_hal_rcc_ex.o
 .debug_abbrev  0x00001335      0x278 ./Drivers/STM32F3xx_HAL_Driver/Src/stm32f3xx_hal_tim.o
 .debug_abbrev  0x000015ad      0x283 ./Drivers/STM32F3xx_HAL_Driver/Src/stm32f3xx_hal_tim_ex.o
 .debug_abbrev  0x00001830      0x2d1 ./Drivers/STM32F3xx_HAL_Driver/Src/stm32f3xx_hal_uart.o

.debug_aranges  0x00000000      0xc50
 .debug_aranges
                0x00000000       0xb0 ./Core/Src/main.o
 .debug_aranges
                0x000000b0       0x48 ./Core/Src/stm32f3xx_hal_msp.o
 .debug_aranges
                0x000000f8       0x68 ./Core/Src/stm32f3xx_it.o
 .debug_aranges
                0x00000160       0x28 ./Core/Src/system_stm32f3xx.o
 .debug_aranges
                0x00000188       0x28 ./Core/Startup/startup_stm32f303retx.o
 .debug_aranges
                0x000001b0       0xe0 ./Drivers/STM32F3xx_HAL_Driver/Src/stm32f3xx_hal.o
 .debug_aranges
                0x00000290      0x128 ./Drivers/STM32F3xx_HAL_Driver/Src/stm32f3xx_hal_cortex.o
 .debug_aranges
                0x000003b8       0x58 ./Drivers/STM32F3xx_HAL_Driver/Src/stm32f3xx_hal_gpio.o
 .debug_aranges
                0x00000410       0x88 ./Drivers/STM32F3xx_HAL_Driver/Src/stm32f3xx_hal_rcc.o
 .debug_aranges
                0x00000498       0x38 ./Drivers/STM32F3xx_HAL_Driver/Src/stm32f3xx_hal_rcc_ex.o
 .debug_aranges
                0x000004d0      0x3e0 ./Drivers/STM32F3xx_HAL_Driver/Src/stm32f3xx_hal_tim.o
 .debug_aranges
                0x000008b0      0x178 ./Drivers/STM32F3xx_HAL_Driver/Src/stm32f3xx_hal_tim_ex.o
 .debug_aranges
                0x00000a28      0x228 ./Drivers/STM32F3xx_HAL_Driver/Src/stm32f3xx_hal_uart.o

.debug_rnglists
                0x00000000      0x9b1
 .debug_rnglists
                0x00000000       0x85 ./Core/Src/main.o
 .debug_rnglists
                0x00000085       0x32 ./Core/Src/stm32f3xx_hal_msp.o
 .debug_rnglists
                0x000000b7       0x49 ./Core/Src/stm32f3xx_it.o
 .debug_rnglists
                0x00000100       0x1a ./Core/Src/system_stm32f3xx.o
 .debug_rnglists
                0x0000011a       0x19 ./Core/Startup/startup_stm32f303retx.o
 .debug_rnglists
                0x00000133       0xa3 ./Drivers/STM32F3xx_HAL_Driver/Src/stm32f3xx_hal.o
 .debug_rnglists
                0x000001d6       0xda ./Drivers/STM32F3xx_HAL_Driver/Src/stm32f3xx_hal_cortex.o
 .debug_rnglists
                0x000002b0       0x3f ./Drivers/STM32F3xx_HAL_Driver/Src/stm32f3xx_hal_gpio.o
 .debug_rnglists
                0x000002ef       0x66 ./Drivers/STM32F3xx_HAL_Driver/Src/stm32f3xx_hal_rcc.o
 .debug_rnglists
                0x00000355       0x29 ./Drivers/STM32F3xx_HAL_Driver/Src/stm32f3xx_hal_rcc_ex.o
 .debug_rnglists
                0x0000037e      0x328 ./Drivers/STM32F3xx_HAL_Driver/Src/stm32f3xx_hal_tim.o
 .debug_rnglists
                0x000006a6      0x131 ./Drivers/STM32F3xx_HAL_Driver/Src/stm32f3xx_hal_tim_ex.o
 .debug_rnglists
                0x000007d7      0x1da ./Drivers/STM32F3xx_HAL_Driver/Src/stm32f3xx_hal_uart.o

.debug_macro    0x00000000    0x1fd42
 .debug_macro   0x00000000      0x1e6 ./Core/Src/main.o
 .debug_macro   0x000001e6      0xad8 ./Core/Src/main.o
 .debug_macro   0x00000cbe      0x15e ./Core/Src/main.o
 .debug_macro   0x00000e1c       0x2e ./Core/Src/main.o
 .debug_macro   0x00000e4a       0x28 ./Core/Src/main.o
 .debug_macro   0x00000e72       0x22 ./Core/Src/main.o
 .debug_macro   0x00000e94       0x8e ./Core/Src/main.o
 .debug_macro   0x00000f22       0x51 ./Core/Src/main.o
 .debug_macro   0x00000f73      0x103 ./Core/Src/main.o
 .debug_macro   0x00001076       0x6a ./Core/Src/main.o
 .debug_macro   0x000010e0      0x1df ./Core/Src/main.o
 .debug_macro   0x000012bf       0x1c ./Core/Src/main.o
 .debug_macro   0x000012db       0x22 ./Core/Src/main.o
 .debug_macro   0x000012fd       0xd9 ./Core/Src/main.o
 .debug_macro   0x000013d6     0x102d ./Core/Src/main.o
 .debug_macro   0x00002403      0x11f ./Core/Src/main.o
 .debug_macro   0x00002522    0x1535a ./Core/Src/main.o
 .debug_macro   0x0001787c       0x6d ./Core/Src/main.o
 .debug_macro   0x000178e9     0x3574 ./Core/Src/main.o
 .debug_macro   0x0001ae5d      0x190 ./Core/Src/main.o
 .debug_macro   0x0001afed       0x55 ./Core/Src/main.o
 .debug_macro   0x0001b042      0x953 ./Core/Src/main.o
 .debug_macro   0x0001b995      0x84a ./Core/Src/main.o
 .debug_macro   0x0001c1df      0x1b5 ./Core/Src/main.o
 .debug_macro   0x0001c394      0x23a ./Core/Src/main.o
 .debug_macro   0x0001c5ce      0x1ea ./Core/Src/main.o
 .debug_macro   0x0001c7b8      0x1bc ./Core/Src/main.o
 .debug_macro   0x0001c974       0x30 ./Core/Src/main.o
 .debug_macro   0x0001c9a4       0x3c ./Core/Src/main.o
 .debug_macro   0x0001c9e0      0x235 ./Core/Src/main.o
 .debug_macro   0x0001cc15       0xc5 ./Core/Src/main.o
 .debug_macro   0x0001ccda      0x21d ./Core/Src/main.o
 .debug_macro   0x0001cef7      0x22c ./Core/Src/main.o
 .debug_macro   0x0001d123       0x5b ./Core/Src/main.o
 .debug_macro   0x0001d17e       0xa5 ./Core/Src/main.o
 .debug_macro   0x0001d223       0x81 ./Core/Src/main.o
 .debug_macro   0x0001d2a4       0xd3 ./Core/Src/main.o
 .debug_macro   0x0001d377      0xa60 ./Core/Src/main.o
 .debug_macro   0x0001ddd7       0xba ./Core/Src/main.o
 .debug_macro   0x0001de91      0x5ba ./Core/Src/main.o
 .debug_macro   0x0001e44b       0x44 ./Core/Src/main.o
 .debug_macro   0x0001e48f      0x347 ./Core/Src/main.o
 .debug_macro   0x0001e7d6       0x9a ./Core/Src/main.o
 .debug_macro   0x0001e870      0x1e6 ./Core/Src/stm32f3xx_hal_msp.o
 .debug_macro   0x0001ea56      0x1f0 ./Core/Src/stm32f3xx_it.o
 .debug_macro   0x0001ec46      0x1d7 ./Core/Src/system_stm32f3xx.o
 .debug_macro   0x0001ee1d      0x1fb ./Drivers/STM32F3xx_HAL_Driver/Src/stm32f3xx_hal.o
 .debug_macro   0x0001f018      0x1d7 ./Drivers/STM32F3xx_HAL_Driver/Src/stm32f3xx_hal_cortex.o
 .debug_macro   0x0001f1ef      0x1de ./Drivers/STM32F3xx_HAL_Driver/Src/stm32f3xx_hal_gpio.o
 .debug_macro   0x0001f3cd      0x1fb ./Drivers/STM32F3xx_HAL_Driver/Src/stm32f3xx_hal_rcc.o
 .debug_macro   0x0001f5c8      0x1d7 ./Drivers/STM32F3xx_HAL_Driver/Src/stm32f3xx_hal_rcc_ex.o
 .debug_macro   0x0001f79f      0x1d8 ./Drivers/STM32F3xx_HAL_Driver/Src/stm32f3xx_hal_tim.o
 .debug_macro   0x0001f977      0x1d7 ./Drivers/STM32F3xx_HAL_Driver/Src/stm32f3xx_hal_tim_ex.o
 .debug_macro   0x0001fb4e      0x1f4 ./Drivers/STM32F3xx_HAL_Driver/Src/stm32f3xx_hal_uart.o

.debug_line     0x00000000     0xfa07
 .debug_line    0x00000000      0xc84 ./Core/Src/main.o
 .debug_line    0x00000c84      0x8df ./Core/Src/stm32f3xx_hal_msp.o
 .debug_line    0x00001563      0x8e5 ./Core/Src/stm32f3xx_it.o
 .debug_line    0x00001e48      0x889 ./Core/Src/system_stm32f3xx.o
 .debug_line    0x000026d1       0x7a ./Core/Startup/startup_stm32f303retx.o
 .debug_line    0x0000274b      0xac0 ./Drivers/STM32F3xx_HAL_Driver/Src/stm32f3xx_hal.o
 .debug_line    0x0000320b      0xd8b ./Drivers/STM32F3xx_HAL_Driver/Src/stm32f3xx_hal_cortex.o
 .debug_line    0x00003f96      0xc33 ./Drivers/STM32F3xx_HAL_Driver/Src/stm32f3xx_hal_gpio.o
 .debug_line    0x00004bc9     0x1637 ./Drivers/STM32F3xx_HAL_Driver/Src/stm32f3xx_hal_rcc.o
 .debug_line    0x00006200     0x1023 ./Drivers/STM32F3xx_HAL_Driver/Src/stm32f3xx_hal_rcc_ex.o
 .debug_line    0x00007223     0x3f77 ./Drivers/STM32F3xx_HAL_Driver/Src/stm32f3xx_hal_tim.o
 .debug_line    0x0000b19a     0x1b31 ./Drivers/STM32F3xx_HAL_Driver/Src/stm32f3xx_hal_tim_ex.o
 .debug_line    0x0000cccb     0x2d3c ./Drivers/STM32F3xx_HAL_Driver/Src/stm32f3xx_hal_uart.o

.debug_str      0x00000000    0xc6739
 .debug_str     0x00000000    0xc6739 ./Core/Src/main.o
                              0xc4723 (size before relaxing)
 .debug_str     0x000c6739    0xc3b02 ./Core/Src/stm32f3xx_hal_msp.o
 .debug_str     0x000c6739    0xc33b3 ./Core/Src/stm32f3xx_it.o
 .debug_str     0x000c6739    0xc3139 ./Core/Src/system_stm32f3xx.o
 .debug_str     0x000c6739       0x7c ./Core/Startup/startup_stm32f303retx.o
 .debug_str     0x000c6739    0xc39e2 ./Drivers/STM32F3xx_HAL_Driver/Src/stm32f3xx_hal.o
 .debug_str     0x000c6739    0xc3a66 ./Drivers/STM32F3xx_HAL_Driver/Src/stm32f3xx_hal_cortex.o
 .debug_str     0x000c6739    0xc331e ./Drivers/STM32F3xx_HAL_Driver/Src/stm32f3xx_hal_gpio.o
 .debug_str     0x000c6739    0xc35dd ./Drivers/STM32F3xx_HAL_Driver/Src/stm32f3xx_hal_rcc.o
 .debug_str     0x000c6739    0xc3427 ./Drivers/STM32F3xx_HAL_Driver/Src/stm32f3xx_hal_rcc_ex.o
 .debug_str     0x000c6739    0xc4570 ./Drivers/STM32F3xx_HAL_Driver/Src/stm32f3xx_hal_tim.o
 .debug_str     0x000c6739    0xc3db6 ./Drivers/STM32F3xx_HAL_Driver/Src/stm32f3xx_hal_tim_ex.o
 .debug_str     0x000c6739    0xc3e5c ./Drivers/STM32F3xx_HAL_Driver/Src/stm32f3xx_hal_uart.o

.comment        0x00000000       0x43
 .comment       0x00000000       0x43 ./Core/Src/main.o
                                 0x44 (size before relaxing)
 .comment       0x00000043       0x44 ./Core/Src/stm32f3xx_hal_msp.o
 .comment       0x00000043       0x44 ./Core/Src/stm32f3xx_it.o
 .comment       0x00000043       0x44 ./Core/Src/system_stm32f3xx.o
 .comment       0x00000043       0x44 ./Drivers/STM32F3xx_HAL_Driver/Src/stm32f3xx_hal.o
 .comment       0x00000043       0x44 ./Drivers/STM32F3xx_HAL_Driver/Src/stm32f3xx_hal_cortex.o
 .comment       0x00000043       0x44 ./Drivers/STM32F3xx_HAL_Driver/Src/stm32f3xx_hal_gpio.o
 .comment       0x00000043       0x44 ./Drivers/STM32F3xx_HAL_Driver/Src/stm32f3xx_hal_rcc.o
 .comment       0x00000043       0x44 ./Drivers/STM32F3xx_HAL_Driver/Src/stm32f3xx_hal_rcc_ex.o
 .comment       0x00000043       0x44 ./Drivers/STM32F3xx_HAL_Driver/Src/stm32f3xx_hal_tim.o
 .comment       0x00000043       0x44 ./Drivers/STM32F3xx_HAL_Driver/Src/stm32f3xx_hal_tim_ex.o
 .comment       0x00000043       0x44 ./Drivers/STM32F3xx_HAL_Driver/Src/stm32f3xx_hal_uart.o

.debug_frame    0x00000000     0x34d4
 .debug_frame   0x00000000      0x248 ./Core/Src/main.o
 .debug_frame   0x00000248       0xf4 ./Core/Src/stm32f3xx_hal_msp.o
 .debug_frame   0x0000033c      0x120 ./Core/Src/stm32f3xx_it.o
 .debug_frame   0x0000045c       0x58 ./Core/Src/system_stm32f3xx.o
 .debug_frame   0x000004b4      0x334 ./Drivers/STM32F3xx_HAL_Driver/Src/stm32f3xx_hal.o
 .debug_frame   0x000007e8      0x4e8 ./Drivers/STM32F3xx_HAL_Driver/Src/stm32f3xx_hal_cortex.o
 .debug_frame   0x00000cd0      0x14c ./Drivers/STM32F3xx_HAL_Driver/Src/stm32f3xx_hal_gpio.o
 .debug_frame   0x00000e1c      0x214 ./Drivers/STM32F3xx_HAL_Driver/Src/stm32f3xx_hal_rcc.o
 .debug_frame   0x00001030       0xb0 ./Drivers/STM32F3xx_HAL_Driver/Src/stm32f3xx_hal_rcc_ex.o
 .debug_frame   0x000010e0     0x1218 ./Drivers/STM32F3xx_HAL_Driver/Src/stm32f3xx_hal_tim.o
 .debug_frame   0x000022f8      0x688 ./Drivers/STM32F3xx_HAL_Driver/Src/stm32f3xx_hal_tim_ex.o
 .debug_frame   0x00002980      0x9e8 ./Drivers/STM32F3xx_HAL_Driver/Src/stm32f3xx_hal_uart.o
 .debug_frame   0x00003368       0x20 D:/files/Informatyka/STUDIA/Semestr IV/Systemy wbudowane i mikroprocesory/IDE/STM32CubeIDE_1.18.1/STM32CubeIDE/plugins/com.st.stm32cube.ide.mcu.externaltools.gnu-tools-for-stm32.13.3.rel1.win32_1.0.0.202411081344/tools/bin/../lib/gcc/arm-none-eabi/13.3.1/../../../../arm-none-eabi/lib/thumb/v7e-m+fp/hard\libc_nano.a(libc_a-memset.o)
 .debug_frame   0x00003388       0x2c D:/files/Informatyka/STUDIA/Semestr IV/Systemy wbudowane i mikroprocesory/IDE/STM32CubeIDE_1.18.1/STM32CubeIDE/plugins/com.st.stm32cube.ide.mcu.externaltools.gnu-tools-for-stm32.13.3.rel1.win32_1.0.0.202411081344/tools/bin/../lib/gcc/arm-none-eabi/13.3.1/../../../../arm-none-eabi/lib/thumb/v7e-m+fp/hard\libc_nano.a(libc_a-init.o)
 .debug_frame   0x000033b4       0xac D:/files/Informatyka/STUDIA/Semestr IV/Systemy wbudowane i mikroprocesory/IDE/STM32CubeIDE_1.18.1/STM32CubeIDE/plugins/com.st.stm32cube.ide.mcu.externaltools.gnu-tools-for-stm32.13.3.rel1.win32_1.0.0.202411081344/tools/bin/../lib/gcc/arm-none-eabi/13.3.1/thumb/v7e-m+fp/hard\libgcc.a(_arm_addsubdf3.o)
 .debug_frame   0x00003460       0x50 D:/files/Informatyka/STUDIA/Semestr IV/Systemy wbudowane i mikroprocesory/IDE/STM32CubeIDE_1.18.1/STM32CubeIDE/plugins/com.st.stm32cube.ide.mcu.externaltools.gnu-tools-for-stm32.13.3.rel1.win32_1.0.0.202411081344/tools/bin/../lib/gcc/arm-none-eabi/13.3.1/thumb/v7e-m+fp/hard\libgcc.a(_arm_muldivdf3.o)
 .debug_frame   0x000034b0       0x24 D:/files/Informatyka/STUDIA/Semestr IV/Systemy wbudowane i mikroprocesory/IDE/STM32CubeIDE_1.18.1/STM32CubeIDE/plugins/com.st.stm32cube.ide.mcu.externaltools.gnu-tools-for-stm32.13.3.rel1.win32_1.0.0.202411081344/tools/bin/../lib/gcc/arm-none-eabi/13.3.1/thumb/v7e-m+fp/hard\libgcc.a(_arm_truncdfsf2.o)

.debug_line_str
                0x00000000       0x60
 .debug_line_str
                0x00000000       0x60 ./Core/Startup/startup_stm32f303retx.o
