../Core/Src/main.c:79:6:L_WHL_Forward	8	static
../Core/Src/main.c:85:6:L_WHL_Reverse	8	static
../Core/Src/main.c:91:6:L_WHL_Stop	8	static
../Core/Src/main.c:97:6:R_WHL_Forward	8	static
../Core/Src/main.c:103:6:R_WHL_Reverse	8	static
../Core/Src/main.c:109:6:R_WHL_Stop	8	static
../Core/Src/main.c:115:6:ALL_WHL_Forward	8	static
../Core/Src/main.c:123:6:ALL_WHL_Reverse	8	static
../Core/Src/main.c:131:6:ALL_WHL_Stop	8	static
../Core/Src/main.c:139:6:Turn_Left	8	static
../Core/Src/main.c:145:6:Turn_Right	8	static
../Core/Src/main.c:151:6:WHL_Debug	8	static
../Core/Src/main.c:186:5:main	32	static
../Core/Src/main.c:341:6:SystemClock_Config	160	static
../Core/Src/main.c:388:13:MX_TIM1_Init	112	static
../Core/Src/main.c:472:13:MX_TIM2_Init	40	static
../Core/Src/main.c:517:13:MX_USART2_UART_Init	8	static
../Core/Src/main.c:552:13:MX_GPIO_Init	40	static
../Core/Src/main.c:629:6:Error_Handler	4	static,ignoring_inline_asm
